// Jest Snapshot v1, https://goo.gl/fbAQLP

exports[`Mouse changes the class when hovered 1`] = `<div />`;
